// Jest Snapshot v1, https://goo.gl/fbAQLP

exports[`Pruevas en <GifGridItem /> debe de mostrar el documento correctamente 1`] = `
<div
  className="card animate__animated animate__bounce"
>
  <img
    alt="Un título"
    src="https://localhost/algo.jpg"
  />
  <p>
    Un título
  </p>
</div>
`;
